2026-09-14T03:42:05Z Pilot run started: run_id=20260914T034205Z_79e601be06ae
2026-09-14T03:42:05Z Decision complete: twemcache|c32|t12050|h16 (family=twemcache capacity=32 candidates=32 baseline_all_tied=False)
2026-09-14T03:42:05Z Decision complete: twemcache|c32|t13839|h16 (family=twemcache capacity=32 candidates=32 baseline_all_tied=False)
2026-09-14T03:42:05Z Decision complete: twemcache|c32|t19015|h16 (family=twemcache capacity=32 candidates=32 baseline_all_tied=False)
2026-09-14T03:42:05Z Decision complete: twemcache|c32|t20414|h16 (family=twemcache capacity=32 candidates=32 baseline_all_tied=False)
2026-09-14T03:42:05Z Decision complete: twemcache|c32|t21398|h16 (family=twemcache capacity=32 candidates=32 baseline_all_tied=False)
2026-09-14T03:42:05Z Decision complete: twemcache|c32|t21725|h16 (family=twemcache capacity=32 candidates=32 baseline_all_tied=True)
2026-09-14T03:42:05Z Decision complete: twemcache|c32|t26052|h16 (family=twemcache capacity=32 candidates=32 baseline_all_tied=False)
2026-09-14T03:42:05Z Decision complete: twemcache|c32|t26614|h16 (family=twemcache capacity=32 candidates=32 baseline_all_tied=False)
2026-09-14T03:42:05Z Decision complete: twemcache|c32|t26844|h16 (family=twemcache capacity=32 candidates=32 baseline_all_tied=False)
2026-09-14T03:42:05Z Decision complete: twemcache|c32|t28397|h16 (family=twemcache capacity=32 candidates=32 baseline_all_tied=False)
2026-09-14T03:42:05Z Decision complete: twemcache|c32|t29662|h16 (family=twemcache capacity=32 candidates=32 baseline_all_tied=False)
2026-09-14T03:42:05Z Decision complete: twemcache|c32|t30128|h16 (family=twemcache capacity=32 candidates=32 baseline_all_tied=False)
2026-09-14T03:42:05Z Decision complete: twemcache|c32|t32967|h16 (family=twemcache capacity=32 candidates=32 baseline_all_tied=True)
2026-09-14T03:42:05Z Decision complete: twemcache|c32|t36689|h16 (family=twemcache capacity=32 candidates=32 baseline_all_tied=False)
2026-09-14T03:42:05Z Decision complete: twemcache|c32|t40348|h16 (family=twemcache capacity=32 candidates=32 baseline_all_tied=False)
2026-09-14T03:42:06Z Decision complete: twemcache|c32|t41435|h16 (family=twemcache capacity=32 candidates=32 baseline_all_tied=False)
2026-09-14T03:42:06Z Decision complete: twemcache|c32|t43386|h16 (family=twemcache capacity=32 candidates=32 baseline_all_tied=True)
2026-09-14T03:42:06Z Decision complete: twemcache|c32|t46787|h16 (family=twemcache capacity=32 candidates=32 baseline_all_tied=False)
2026-09-14T03:42:06Z Decision complete: twemcache|c32|t47237|h16 (family=twemcache capacity=32 candidates=32 baseline_all_tied=True)
2026-09-14T03:42:06Z Decision complete: twemcache|c32|t6522|h16 (family=twemcache capacity=32 candidates=32 baseline_all_tied=False)
2026-09-14T03:42:06Z Decision complete: cloudphysics|c32|t12544|h16 (family=cloudphysics capacity=32 candidates=32 baseline_all_tied=True)
2026-09-14T03:42:06Z Decision complete: cloudphysics|c32|t17345|h16 (family=cloudphysics capacity=32 candidates=32 baseline_all_tied=True)
2026-09-14T03:42:06Z Decision complete: cloudphysics|c32|t17373|h16 (family=cloudphysics capacity=32 candidates=32 baseline_all_tied=True)
2026-09-14T03:42:06Z Decision complete: cloudphysics|c32|t18467|h16 (family=cloudphysics capacity=32 candidates=32 baseline_all_tied=False)
2026-09-14T03:42:06Z Decision complete: cloudphysics|c32|t20415|h16 (family=cloudphysics capacity=32 candidates=32 baseline_all_tied=True)
2026-09-14T03:42:06Z Decision complete: cloudphysics|c32|t21047|h16 (family=cloudphysics capacity=32 candidates=32 baseline_all_tied=True)
2026-09-14T03:42:06Z Decision complete: cloudphysics|c32|t21183|h16 (family=cloudphysics capacity=32 candidates=32 baseline_all_tied=False)
2026-09-14T03:42:06Z Decision complete: cloudphysics|c32|t240|h16 (family=cloudphysics capacity=32 candidates=32 baseline_all_tied=True)
2026-09-14T03:42:06Z Decision complete: cloudphysics|c32|t24456|h16 (family=cloudphysics capacity=32 candidates=32 baseline_all_tied=True)
2026-09-14T03:42:06Z Decision complete: cloudphysics|c32|t2521|h16 (family=cloudphysics capacity=32 candidates=32 baseline_all_tied=True)
2026-09-14T03:42:06Z Decision complete: cloudphysics|c32|t30795|h16 (family=cloudphysics capacity=32 candidates=32 baseline_all_tied=True)
2026-09-14T03:42:06Z Decision complete: cloudphysics|c32|t30818|h16 (family=cloudphysics capacity=32 candidates=32 baseline_all_tied=True)
2026-09-14T03:42:06Z Decision complete: cloudphysics|c32|t32014|h16 (family=cloudphysics capacity=32 candidates=32 baseline_all_tied=True)
2026-09-14T03:42:06Z Decision complete: cloudphysics|c32|t33929|h16 (family=cloudphysics capacity=32 candidates=32 baseline_all_tied=True)
2026-09-14T03:42:06Z Decision complete: cloudphysics|c32|t35422|h16 (family=cloudphysics capacity=32 candidates=32 baseline_all_tied=True)
2026-09-14T03:42:06Z Decision complete: cloudphysics|c32|t44013|h16 (family=cloudphysics capacity=32 candidates=32 baseline_all_tied=False)
2026-09-14T03:42:06Z Decision complete: cloudphysics|c32|t44608|h16 (family=cloudphysics capacity=32 candidates=32 baseline_all_tied=True)
2026-09-14T03:42:06Z Decision complete: cloudphysics|c32|t49022|h16 (family=cloudphysics capacity=32 candidates=32 baseline_all_tied=True)
2026-09-14T03:42:06Z Decision complete: cloudphysics|c32|t7458|h16 (family=cloudphysics capacity=32 candidates=32 baseline_all_tied=True)
2026-09-14T03:42:06Z Decision complete: cloudphysics|c32|t875|h16 (family=cloudphysics capacity=32 candidates=32 baseline_all_tied=True)
2026-09-14T03:42:06Z Decision complete: metakv|c128|t21978|h16 (family=metakv capacity=128 candidates=128 baseline_all_tied=True)
2026-09-14T03:42:07Z Decision complete: metakv|c128|t23015|h16 (family=metakv capacity=128 candidates=128 baseline_all_tied=True)
2026-09-14T03:42:07Z Decision complete: metakv|c128|t23901|h16 (family=metakv capacity=128 candidates=128 baseline_all_tied=True)
2026-09-14T03:42:07Z Decision complete: metakv|c128|t25580|h16 (family=metakv capacity=128 candidates=128 baseline_all_tied=True)
2026-09-14T03:42:07Z Decision complete: metakv|c128|t30596|h16 (family=metakv capacity=128 candidates=128 baseline_all_tied=True)
2026-09-14T03:42:07Z Decision complete: metakv|c128|t33831|h16 (family=metakv capacity=128 candidates=128 baseline_all_tied=True)
2026-09-14T03:42:07Z Decision complete: metakv|c128|t34034|h16 (family=metakv capacity=128 candidates=128 baseline_all_tied=True)
2026-09-14T03:42:07Z Decision complete: metakv|c128|t34663|h16 (family=metakv capacity=128 candidates=128 baseline_all_tied=True)
2026-09-14T03:42:07Z Decision complete: metakv|c128|t35161|h16 (family=metakv capacity=128 candidates=128 baseline_all_tied=True)
2026-09-14T03:42:07Z Decision complete: metakv|c128|t38400|h16 (family=metakv capacity=128 candidates=128 baseline_all_tied=True)
2026-09-14T03:42:07Z Decision complete: metakv|c128|t38841|h16 (family=metakv capacity=128 candidates=128 baseline_all_tied=True)
2026-09-14T03:42:07Z Decision complete: metakv|c128|t39091|h16 (family=metakv capacity=128 candidates=128 baseline_all_tied=True)
2026-09-14T03:42:08Z Decision complete: metakv|c128|t39676|h16 (family=metakv capacity=128 candidates=128 baseline_all_tied=True)
2026-09-14T03:42:08Z Decision complete: metakv|c128|t43630|h16 (family=metakv capacity=128 candidates=128 baseline_all_tied=True)
2026-09-14T03:42:08Z Decision complete: metakv|c128|t44531|h16 (family=metakv capacity=128 candidates=128 baseline_all_tied=True)
2026-09-14T03:42:08Z Decision complete: metakv|c128|t45360|h16 (family=metakv capacity=128 candidates=128 baseline_all_tied=True)
2026-09-14T03:42:08Z Decision complete: metakv|c128|t48042|h16 (family=metakv capacity=128 candidates=128 baseline_all_tied=True)
2026-09-14T03:42:08Z Decision complete: metakv|c128|t49489|h16 (family=metakv capacity=128 candidates=128 baseline_all_tied=False)
2026-09-14T03:42:08Z Decision complete: metakv|c128|t5973|h16 (family=metakv capacity=128 candidates=128 baseline_all_tied=False)
2026-09-14T03:42:08Z Decision complete: metakv|c128|t6609|h16 (family=metakv capacity=128 candidates=128 baseline_all_tied=False)
2026-09-14T03:42:08Z Decision complete: wiki2018|c32|t13206|h16 (family=wiki2018 capacity=32 candidates=32 baseline_all_tied=True)
2026-09-14T03:42:08Z Decision complete: wiki2018|c32|t13320|h16 (family=wiki2018 capacity=32 candidates=32 baseline_all_tied=True)
2026-09-14T03:42:08Z Decision complete: wiki2018|c32|t13989|h16 (family=wiki2018 capacity=32 candidates=32 baseline_all_tied=True)
2026-09-14T03:42:08Z Decision complete: wiki2018|c32|t17231|h16 (family=wiki2018 capacity=32 candidates=32 baseline_all_tied=True)
2026-09-14T03:42:08Z Decision complete: wiki2018|c32|t17649|h16 (family=wiki2018 capacity=32 candidates=32 baseline_all_tied=True)
2026-09-14T03:42:08Z Decision complete: wiki2018|c32|t26507|h16 (family=wiki2018 capacity=32 candidates=32 baseline_all_tied=True)
2026-09-14T03:42:08Z Decision complete: wiki2018|c32|t28131|h16 (family=wiki2018 capacity=32 candidates=32 baseline_all_tied=True)
2026-09-14T03:42:08Z Decision complete: wiki2018|c32|t29530|h16 (family=wiki2018 capacity=32 candidates=32 baseline_all_tied=True)
2026-09-14T03:42:08Z Decision complete: wiki2018|c32|t3754|h16 (family=wiki2018 capacity=32 candidates=32 baseline_all_tied=True)
2026-09-14T03:42:08Z Decision complete: wiki2018|c32|t38681|h16 (family=wiki2018 capacity=32 candidates=32 baseline_all_tied=True)
2026-09-14T03:42:09Z Decision complete: wiki2018|c32|t4296|h16 (family=wiki2018 capacity=32 candidates=32 baseline_all_tied=True)
2026-09-14T03:42:09Z Decision complete: wiki2018|c32|t43892|h16 (family=wiki2018 capacity=32 candidates=32 baseline_all_tied=True)
2026-09-14T03:42:09Z Decision complete: wiki2018|c32|t44082|h16 (family=wiki2018 capacity=32 candidates=32 baseline_all_tied=True)
2026-09-14T03:42:09Z Decision complete: wiki2018|c32|t46655|h16 (family=wiki2018 capacity=32 candidates=32 baseline_all_tied=True)
2026-09-14T03:42:09Z Decision complete: wiki2018|c32|t47203|h16 (family=wiki2018 capacity=32 candidates=32 baseline_all_tied=True)
2026-09-14T03:42:09Z Decision complete: wiki2018|c32|t4738|h16 (family=wiki2018 capacity=32 candidates=32 baseline_all_tied=True)
2026-09-14T03:42:09Z Decision complete: wiki2018|c32|t4868|h16 (family=wiki2018 capacity=32 candidates=32 baseline_all_tied=True)
2026-09-14T03:42:09Z Decision complete: wiki2018|c32|t8196|h16 (family=wiki2018 capacity=32 candidates=32 baseline_all_tied=True)
2026-09-14T03:42:09Z Decision complete: wiki2018|c32|t9052|h16 (family=wiki2018 capacity=32 candidates=32 baseline_all_tied=True)
2026-09-14T03:42:09Z Decision complete: wiki2018|c32|t9408|h16 (family=wiki2018 capacity=32 candidates=32 baseline_all_tied=True)
